Generated 332520 of the 332520 non-bonded parameter combinations

Generated 332520 of the 332520 1-4 parameter combinations

Excluding 4 bonded neighbours molecule type 'Protein'
Analysing residue names:
There are:     4      Other residues
Analysing residues not classified as Protein/DNA/RNA/Water and splitting into groups...

This run will generate roughly 0 Mb of data
